// Jest Snapshot v1, https://goo.gl/fbAQLP

exports[`Core: load process destroy the app during rendering and then render again 1`] = `
"<div id=\\"container\\"><div id=\\"garfish_app_for_vue-app_sykl6voy\\"><div __garfishmockhtml__=\\"\\"><div __garfishmockhead__=\\"\\">
    <title>vue sub app</title>
  </div><div __garfishmockbody__=\\"\\">
    <div id=\\"app\\"><div id=\\"hello-world\\"></div></div>
    <!--<script  execute by garfish>
      if (typeof __GARFISH_EXPORTS__ !== 'undefined') {
        __GARFISH_EXPORTS__.provider = () => {
          return {
            render ({ dom , basename }) {
              let newContent = document.createElement('div');
              newContent.setAttribute('id', 'hello-world');
              dom.querySelector('#app').appendChild(newContent);
            },

            destroy ({ dom , basename }){
              dom.querySelector('#app').removeChild(dom.querySelector('#hello-world'));
            }
          }
        }
      }
    </script>-->
  

</div></div></div><div id=\\"garfish_app_for_vue-app_1husx3qi\\"><div __garfishmockhtml__=\\"\\"><div __garfishmockhead__=\\"\\">
    <title>vue sub app</title>
  </div><div __garfishmockbody__=\\"\\">
    <div id=\\"app\\"><div id=\\"hello-world\\"></div></div>
    <!--<script  execute by garfish>
      if (typeof __GARFISH_EXPORTS__ !== 'undefined') {
        __GARFISH_EXPORTS__.provider = () => {
          return {
            render ({ dom , basename }) {
              let newContent = document.createElement('div');
              newContent.setAttribute('id', 'hello-world');
              dom.querySelector('#app').appendChild(newContent);
            },

            destroy ({ dom , basename }){
              dom.querySelector('#app').removeChild(dom.querySelector('#hello-world'));
            }
          }
        }
      }
    </script>-->
  

</div></div></div><div id=\\"garfish_app_for_vue-app_9l5kmiea\\"><div __garfishmockhtml__=\\"\\"><div __garfishmockhead__=\\"\\">
    <title>vue sub app</title>
  </div><div __garfishmockbody__=\\"\\">
    <div id=\\"app\\"><div id=\\"hello-world\\"></div></div>
    <!--<script  execute by garfish>
      if (typeof __GARFISH_EXPORTS__ !== 'undefined') {
        __GARFISH_EXPORTS__.provider = () => {
          return {
            render ({ dom , basename }) {
              let newContent = document.createElement('div');
              newContent.setAttribute('id', 'hello-world');
              dom.querySelector('#app').appendChild(newContent);
            },

            destroy ({ dom , basename }){
              dom.querySelector('#app').removeChild(dom.querySelector('#hello-world'));
            }
          }
        }
      }
    </script>-->
  

</div></div></div><div id=\\"garfish_app_for_async-provider_4wkqlork\\"><div __garfishmockhtml__=\\"\\"><div __garfishmockhead__=\\"\\">
    <title>vue3 sub app</title>
  </div><div __garfishmockbody__=\\"\\">
    <div id=\\"app\\"><div id=\\"hello-world-vue3\\"></div><div id=\\"hello-world-vue3\\"></div></div>
    <!--<script  execute by garfish>
      function delay(time = 200){
        return new Promise(resolve => {
          setTimeout(()=>{
            resolve();
          }, time);
        });
      }
      if (typeof __GARFISH_EXPORTS__ !== 'undefined') {
        __GARFISH_EXPORTS__.provider = async () => {
          await delay();
          return {
            render ({ dom , basename }) {
              let newContent = document.createElement('div');
              newContent.setAttribute('id', 'hello-world-vue3');
              dom.querySelector('#app').appendChild(newContent);
            },

            destroy ({ dom , basename }){
              dom.querySelector('#app').removeChild(dom.querySelector('#hello-world-vue3'));
            }
          }
        }
      }
    </script>-->
  

</div></div></div></div><div id=\\"container\\"></div>"
`;

exports[`Core: load process domGetter cssSelector 1`] = `
<div
  __garfishmockhtml__=""
>
  <div
    __garfishmockhead__=""
  >
    
    
    <title>
      vue sub app
    </title>
    
  
  </div>
  <div
    __garfishmockbody__=""
  >
    
    
    <div
      id="app"
    >
      <div
        id="hello-world"
      />
    </div>
    
    
    <!--&lt;script  execute by garfish&gt;
      if (typeof __GARFISH_EXPORTS__ !== 'undefined') {
        __GARFISH_EXPORTS__.provider = () =&gt; {
          return {
            render ({ dom , basename }) {
              let newContent = document.createElement('div');
              newContent.setAttribute('id', 'hello-world');
              dom.querySelector('#app').appendChild(newContent);
            },

            destroy ({ dom , basename }){
              dom.querySelector('#app').removeChild(dom.querySelector('#hello-world'));
            }
          }
        }
      }
    &lt;/script&gt;-->
    
  


  </div>
</div>
`;

exports[`Core: load process domGetter cssSelector delay 2000ms can work normally 1`] = `
<div
  __garfishmockhtml__=""
>
  <div
    __garfishmockhead__=""
  >
    
    
    <title>
      vue sub app
    </title>
    
  
  </div>
  <div
    __garfishmockbody__=""
  >
    
    
    <div
      id="app"
    >
      <div
        id="hello-world"
      />
    </div>
    
    
    <!--&lt;script  execute by garfish&gt;
      if (typeof __GARFISH_EXPORTS__ !== 'undefined') {
        __GARFISH_EXPORTS__.provider = () =&gt; {
          return {
            render ({ dom , basename }) {
              let newContent = document.createElement('div');
              newContent.setAttribute('id', 'hello-world');
              dom.querySelector('#app').appendChild(newContent);
            },

            destroy ({ dom , basename }){
              dom.querySelector('#app').removeChild(dom.querySelector('#hello-world'));
            }
          }
        }
      }
    &lt;/script&gt;-->
    
  


  </div>
</div>
`;

exports[`Core: load process domGetter is function 1`] = `
<div
  __garfishmockhtml__=""
>
  <div
    __garfishmockhead__=""
  >
    
    
    <title>
      vue sub app
    </title>
    
  
  </div>
  <div
    __garfishmockbody__=""
  >
    
    
    <div
      id="app"
    >
      <div
        id="hello-world"
      />
    </div>
    
    
    <!--&lt;script  execute by garfish&gt;
      if (typeof __GARFISH_EXPORTS__ !== 'undefined') {
        __GARFISH_EXPORTS__.provider = () =&gt; {
          return {
            render ({ dom , basename }) {
              let newContent = document.createElement('div');
              newContent.setAttribute('id', 'hello-world');
              dom.querySelector('#app').appendChild(newContent);
            },

            destroy ({ dom , basename }){
              dom.querySelector('#app').removeChild(dom.querySelector('#hello-world'));
            }
          }
        }
      }
    &lt;/script&gt;-->
    
  


  </div>
</div>
`;
